PS C:\Users\DELL\OneDrive\Documents\GitHub\C_act_sets\set01> gcc problem02.c -O0 -g
PS C:\Users\DELL\OneDrive\Documents\GitHub\C_act_sets\set01> gdb a.exe
GNU gdb (GDB) 7.6.1
Copyright (C) 2013 Free Software Foundation, Inc.
License GPLv3+: GNU GPL version 3 or later <http://gnu.org/licenses/gpl.html>
This is free software: you are free to change and redistribute it.
There is NO WARRANTY, to the extent permitted by law.  Type "show copying"
and "show warranty" for details.
This GDB was configured as "mingw32".
For bug reporting instructions, please see:
<http://www.gnu.org/software/gdb/bugs/>...
Reading symbols from C:\Users\DELL\OneDrive\Documents\GitHub\C_act_sets\set01\a.exe...done.
(gdb) b main
Breakpoint 1 at 0x40146e: file problem02.c, line 7.
(gdb) r
Starting program: C:\Users\DELL\OneDrive\Documents\GitHub\C_act_sets\set01/a.exe 
[New Thread 3600.0x132c]
[New Thread 3600.0x18e8]

Breakpoint 1, main () at problem02.c:7
7           x=5,y=8;
(gdb) n
8           sum=x+y;
(gdb) n
9           printf("the addition of 2 numbers is %d", sum);
(gdb) n
the addition of 2 numbers is 1310           return 0;
(gdb) n
11      }(gdb) q
A debugging session is active.

        Inferior 1 [process 3600] will be killed.

Quit anyway? (y or n) y
error return ../../gdb-7.6.1/gdb/windows-nat.c:1275 was 5