PS C:\Users\DELL\OneDrive\Documents\GitHub\C_act_sets\set01> gcc problem12.c -O0 -g
PS C:\Users\DELL\OneDrive\Documents\GitHub\C_act_sets\set01> gdb a.exe
GNU gdb (GDB) 7.6.1
Copyright (C) 2013 Free Software Foundation, Inc.
License GPLv3+: GNU GPL version 3 or later <http://gnu.org/licenses/gpl.html>
This is free software: you are free to change and redistribute it.
There is NO WARRANTY, to the extent permitted by law.  Type "show copying"
and "show warranty" for details.
This GDB was configured as "mingw32".
For bug reporting instructions, please see:
<http://www.gnu.org/software/gdb/bugs/>...
Reading symbols from C:\Users\DELL\OneDrive\Documents\GitHub\C_act_sets\set01\a.exe...done.
(gdb) b main
Breakpoint 1 at 0x401477: file problem12.c, line 30.
(gdb) r
Starting program: C:\Users\DELL\OneDrive\Documents\GitHub\C_act_sets\set01/a.exe 
[New Thread 7796.0x32c0]
[New Thread 7796.0xcd4]

Breakpoint 1, 0x00401477 in main () at problem12.c:30
30      {
(gdb) n
31          int n = get_n();
(gdb) n
Enter the number of arrays: 2
32          Complex c[n];
(gdb) n
33          input_n_complex(n, c);
(gdb) n
Enter complex number 1:
Enter real part: 1
Enter imaginary part: 2
Enter complex number 2:
Enter real part: 3
Enter imaginary part: 4
34          Complex result = add_n_complex(n, c);
(gdb) n
35          output(n, c, result);
(gdb) n
1+2i +  3 + 4i is 4 + 6i 
36          return 0;
(gdb) n
37      }
(gdb) n
0x00401288 in __register_frame_info ()
(gdb) n
Single stepping until exit from function __register_frame_info,
which has no line number information.
0x0040128a in __register_frame_info ()
(gdb) q
A debugging session is active.

        Inferior 1 [process 7796] will be killed.

Quit anyway? (y or n) y
error return ../../gdb-7.6.1/gdb/windows-nat.c:1275 was 5