PS C:\Users\DELL\OneDrive\Documents\GitHub\C_act_sets\set01> gcc problem04.c -O0 -g
PS C:\Users\DELL\OneDrive\Documents\GitHub\C_act_sets\set01> gdb a.exe
GNU gdb (GDB) 7.6.1
Copyright (C) 2013 Free Software Foundation, Inc.
License GPLv3+: GNU GPL version 3 or later <http://gnu.org/licenses/gpl.html>
This is free software: you are free to change and redistribute it.
There is NO WARRANTY, to the extent permitted by law.  Type "show copying"
and "show warranty" for details.
This GDB was configured as "mingw32".
For bug reporting instructions, please see:
<http://www.gnu.org/software/gdb/bugs/>...
Reading symbols from C:\Users\DELL\OneDrive\Documents\GitHub\C_act_sets\set01\a.exe...done.
(gdb) b main
Breakpoint 1 at 0x4014f2: file problem04.c, line 36.
(gdb) r
Starting program: C:\Users\DELL\OneDrive\Documents\GitHub\C_act_sets\set01/a.exe 
[New Thread 14032.0x20c0]
[New Thread 14032.0x34c4]

Breakpoint 1, main () at problem04.c:36
36          input(&a,&b);
(gdb) n
enter first number:4
enter second number:7
37          add(a,b,&sum);
(gdb) n
38          output(a,b,sum);
(gdb) n
the sum of 4 and 7 is 1139          return 0;
(gdb) n
40      }(gdb) q
A debugging session is active.

        Inferior 1 [process 14032] will be killed.

Quit anyway? (y or n) y
error return ../../gdb-7.6.1/gdb/windows-nat.c:1275 was 5