PS C:\Users\DELL\OneDrive\Documents\GitHub\C_act_sets\set01> gcc problem11.c -O0 -g
PS C:\Users\DELL\OneDrive\Documents\GitHub\C_act_sets\set01> gdb a.exe
GNU gdb (GDB) 7.6.1
Copyright (C) 2013 Free Software Foundation, Inc.
License GPLv3+: GNU GPL version 3 or later <http://gnu.org/licenses/gpl.html>
This is free software: you are free to change and redistribute it.
There is NO WARRANTY, to the extent permitted by law.  Type "show copying"
and "show warranty" for details.
This GDB was configured as "mingw32".
For bug reporting instructions, please see:
<http://www.gnu.org/software/gdb/bugs/>...
Reading symbols from C:\Users\DELL\OneDrive\Documents\GitHub\C_act_sets\set01\a.exe...done.
(gdb) b main
Breakpoint 1 at 0x40146e: file problem11.c, line 29.
(gdb) r
Starting program: C:\Users\DELL\OneDrive\Documents\GitHub\C_act_sets\set01/a.exe 
[New Thread 4604.0x840]
[New Thread 4604.0x36e4]

Breakpoint 1, main () at problem11.c:29
29          a=input_complex();
(gdb) n
2
3
30          b=input_complex();
(gdb) n
n
31          sum=add_complex(a,b);
(gdb) n
32          output(a,b,sum);
(gdb) n
The sum of 2+3i and 2+3i is 4+6i33          return 0;
(gdb) n
34      }
(gdb) n
0x00401288 in __register_frame_info ()
(gdb) q
A debugging session is active.

        Inferior 1 [process 4604] will be killed.

Quit anyway? (y or n) y
error return ../../gdb-7.6.1/gdb/windows-nat.c:1275 was 5