PS C:\Users\DELL\OneDrive\Documents\GitHub\C_act_sets\set01> gcc problem03.c
PS C:\Users\DELL\OneDrive\Documents\GitHub\C_act_sets\set01> ./a.exe
enter the number:5
enter the number:8
sum is 13
PS C:\Users\DELL\OneDrive\Documents\GitHub\C_act_sets\set01> git commit -m "text"
Enumerating objects: 7, done.
Counting objects: 100% (7/7), done.
Delta compression using up to 8 threads
Compressing objects: 100% (4/4), done.
Writing objects: 100% (4/4), 654 bytes | 654.00 KiB/s, done.
Total 4 (delta 3), reused 0 (delta 0), pack-reused 0
remote: Resolving deltas: 100% (3/3), completed with 3 local objects.
To https://github.com/vamshika8/C_act_sets.git
   19c0de3..c8c2c86  main -> main
PS C:\Users\DELL\OneDrive\Documents\GitHub\C_act_sets\set01> git push
Everything up-to-date
PS C:\Users\DELL\OneDrive\Documents\GitHub\C_act_sets\set01> gcc problem03.c
PS C:\Users\DELL\OneDrive\Documents\GitHub\C_act_sets\set01> gcc problem03.c -O0 -g
PS C:\Users\DELL\OneDrive\Documents\GitHub\C_act_sets\set01> gdb a.exe
GNU gdb (GDB) 7.6.1
Copyright (C) 2013 Free Software Foundation, Inc.
License GPLv3+: GNU GPL version 3 or later <http://gnu.org/licenses/gpl.html>
This is free software: you are free to change and redistribute it.
There is NO WARRANTY, to the extent permitted by law.  Type "show copying"
and "show warranty" for details.
This GDB was configured as "mingw32".
For bug reporting instructions, please see:
<http://www.gnu.org/software/gdb/bugs/>...
Reading symbols from C:\Users\DELL\OneDrive\Documents\GitHub\C_act_sets\set01\a.exe...done.
(gdb) b main 
Breakpoint 1 at 0x4014ca: file problem03.c, line 38.
(gdb) r
Starting program: C:\Users\DELL\OneDrive\Documents\GitHub\C_act_sets\set01/a.exe 
[New Thread 11752.0x2070]
[New Thread 11752.0x744]

Breakpoint 1, main () at problem03.c:38
38          a = input();
(gdb) n
enter the number:2
39          b=input();
(gdb) n
enter the number:3
40          sum=add(a,b);
(gdb) n
41          output (a,b,sum);
(gdb) n
sum is 542      
(gdb) n
0x00401288 in __register_frame_info ()
(gdb) n
Single stepping until exit from function __register_frame_info,
which has no line number information.
0x0040128a in __register_frame_info ()
(gdb) q
A debugging session is active.

        Inferior 1 [process 11752] will be killed.

Quit anyway? (y or n) y
error return ../../gdb-7.6.1/gdb/windows-nat.c:1275 was 5